[theme.pixflow.net/massive-dynamic/startup2/index.html]
[backblue.gif]
[fade.gif]
[index.html]
[theme.pixflow.net/massive-dynamic/startup2/wp-includes/css/dist/block-library/style.min7661.css]
[theme.pixflow.net/massive-dynamic/startup2/wp-content/plugins/woocommerce/packages/woocommerce-blocks/build/style60a8.css]
[theme.pixflow.net/massive-dynamic/startup2/feed/index.html]
[theme.pixflow.net/massive-dynamic/startup2/wp-content/plugins/contact-form-7/includes/css/styles7752.css]
[theme.pixflow.net/massive-dynamic/startup2/comments/feed/index.html]
[theme.pixflow.net/massive-dynamic/startup2/wp-content/plugins/go_pricing/assets/css/go_pricing_styles6dc0.css]
[theme.pixflow.net/massive-dynamic/startup2/wp-content/plugins/revslider/public/assets/css/settings9d07.css]
[theme.pixflow.net/massive-dynamic/startup2/wp-content/plugins/woocommerce/assets/css/woocommerce-layout3a05.css]
[theme.pixflow.net/massive-dynamic/startup2/wp-content/plugins/woocommerce/assets/css/woocommerce-smallscreen3a05.css]
[theme.pixflow.net/massive-dynamic/startup2/wp-content/plugins/woocommerce/assets/css/woocommerce3a05.css]
[theme.pixflow.net/massive-dynamic/startup2/wp-content/themes/massive-dynamic/style5055.css]
[theme.pixflow.net/massive-dynamic/startup2/wp-content/uploads/sites/5/md_cache/19027e1.css]
[theme.pixflow.net/massive-dynamic/startup2/wp-content/themes/massive-dynamic/assets/css/plugin.min.css]
[theme.pixflow.net/massive-dynamic/startup2/wp-content/themes/massive-dynamic/assets/css/woo-commerce.min5055.css]
[theme.pixflow.net/massive-dynamic/startup2/wp-content/themes/massive-dynamic/assets/css/iconfonts.min.css]
[theme.pixflow.net/massive-dynamic/startup2/wp-content/themes/massive-dynamic/assets/css/flexslider.min.css]
[theme.pixflow.net/massive-dynamic/startup2/wp-content/themes/massive-dynamic/assets/css/responsive.min5055.css]
[theme.pixflow.net/massive-dynamic/startup2/wp-content/themes/massive-dynamic/lib/customizer/assets/images/texture/1.png]
[theme.pixflow.net/massive-dynamic/startup2/wp-content/plugins/js_composer/assets/css/js_composer.min10df.css]
[theme.pixflow.net/massive-dynamic/startup2/wp-content/plugins/add-to-any/addtoany.min9be6.css]
[theme.pixflow.net/massive-dynamic/startup2/wp-content/themes/massive-dynamic/assets/css/bootstrap.min.css]
[theme.pixflow.net/massive-dynamic/startup2/wp-includes/js/jquery/jquery4a5f.js]
[theme.pixflow.net/massive-dynamic/startup2/wp-includes/js/jquery/jquery-migrate.min330a.js]
[theme.pixflow.net/massive-dynamic/startup2/wp-content/plugins/add-to-any/addtoany.min4963.js]
[theme.pixflow.net/massive-dynamic/startup2/wp-content/plugins/revslider/public/assets/js/jquery.themepunch.tools.min9d07.js]
[theme.pixflow.net/massive-dynamic/startup2/wp-content/plugins/revslider/public/assets/js/jquery.themepunch.revolution.min9d07.js]
[theme.pixflow.net/massive-dynamic/startup2/wp-content/plugins/woocommerce/assets/js/jquery-blockui/jquery.blockUI.min44fd.js]
[theme.pixflow.net/massive-dynamic/startup2/wp-content/plugins/woocommerce/assets/js/frontend/add-to-cart.min3a05.js]
[theme.pixflow.net/massive-dynamic/startup2/wp-content/plugins/js_composer/assets/js/vendors/woocommerce-add-to-cart10df.js]
[theme.pixflow.net/massive-dynamic/startup2/wp-content/themes/massive-dynamic/assets/js/jquery.flexslider-min.js]
[theme.pixflow.net/massive-dynamic/startup2/xmlrpc0db0.php]
[theme.pixflow.net/massive-dynamic/startup2/wp-includes/wlwmanifest.xml]
[theme.pixflow.net/massive-dynamic/startup2/wp-json/index.html]
[theme.pixflow.net/massive-dynamic/startup2/wp-json/oembed/1.0/embed77f6.json]
[theme.pixflow.net/massive-dynamic/startup2/wp-json/oembed/1.0/embedfa7e]
[theme.pixflow.net/massive-dynamic/startup2/wp-content/uploads/sites/5/2017/08/light-logo.png]
[theme.pixflow.net/massive-dynamic/startup2/wp-content/uploads/sites/5/2017/08/startup-img-bg.jpg]
[theme.pixflow.net/massive-dynamic/startup2/wp-content/uploads/sites/5/2017/04/Massive-Dynamic-1-1.png]
[theme.pixflow.net/massive-dynamic/startup2/wp-content/uploads/sites/5/2017/04/Massive-Dynamic-1-1.jpg]
[static.addtoany.com/menu/page.js]
[theme.pixflow.net/massive-dynamic/startup2/wp-content/uploads/sites/5/2017/04/Massive-Dynamic-505-1.jpg]
[theme.pixflow.net/massive-dynamic/startup2/wp-content/uploads/sites/5/2017/04/Massive-Dynamic000-1.png]
[theme.pixflow.net/massive-dynamic/startup2/wp-content/uploads/sites/5/2017/04/startup7_03-2.png]
[theme.pixflow.net/massive-dynamic/startup2/wp-content/uploads/sites/5/2017/04/Untitled-4-1.png]
[theme.pixflow.net/massive-dynamic/startup2/wp-content/uploads/sites/5/2017/04/1111-1.jpg]
[theme.pixflow.net/massive-dynamic/startup2/wp-content/uploads/sites/5/2017/04/Massive-Dynamic-4-1.jpg]
[theme.pixflow.net/massive-dynamic/startup2/wp-content/uploads/sites/5/2017/04/startup7_03-1-1-150x47.png]
[theme.pixflow.net/massive-dynamic/startup2/wp-content/uploads/sites/5/2017/04/startup7_05-1-1-150x47.png]
[theme.pixflow.net/massive-dynamic/startup2/wp-content/uploads/sites/5/2017/04/startup7_08-1-150x47.png]
[theme.pixflow.net/massive-dynamic/startup2/wp-content/uploads/sites/5/2017/04/startup7_10-1-150x47.png]
[theme.pixflow.net/massive-dynamic/startup2/wp-content/uploads/sites/5/2017/04/startup-test_02_02000-1.png]
[theme.pixflow.net/massive-dynamic/startup2/wp-content/uploads/sites/5/2017/04/Massive-Dynamic-2-1.jpg]
[theme.pixflow.net/massive-dynamic/startup2/wp-content/uploads/sites/5/2017/04/Massive-Dynamic-7-1.jpg]
[theme.pixflow.net/massive-dynamic/startup2/wp-content/uploads/sites/5/2017/04/sub-1.jpg]
[theme.pixflow.net/massive-dynamic/startup2/wp-content/themes/massive-dynamic/lib/assets/script/unique-setting.min5152.js]
[theme.pixflow.net/massive-dynamic/startup2/wp-content/themes/massive-dynamic/lib/assets/script/post-like.min.js]
[theme.pixflow.net/massive-dynamic/startup2/wp-content/plugins/contact-form-7/includes/js/scripts7752.js]
[theme.pixflow.net/massive-dynamic/startup2/wp-content/plugins/go_pricing/assets/js/go_pricing_scripts6dc0.js]
[theme.pixflow.net/massive-dynamic/startup2/wp-content/plugins/woocommerce/assets/js/js-cookie/js.cookie.min6b25.js]
[theme.pixflow.net/massive-dynamic/startup2/wp-content/plugins/woocommerce/assets/js/frontend/woocommerce.min3a05.js]
[theme.pixflow.net/massive-dynamic/startup2/wp-content/plugins/woocommerce/assets/js/frontend/cart-fragments.min3a05.js]
[theme.pixflow.net/massive-dynamic/startup2/wp-content/themes/massive-dynamic/assets/js/plugins.min.js]
[theme.pixflow.net/massive-dynamic/startup2/wp-content/themes/massive-dynamic/lib/assets/script/jquery.nicescroll.min.js]
[theme.pixflow.net/massive-dynamic/startup2/wp-content/themes/massive-dynamic/assets/js/custom.min5055.js]
[theme.pixflow.net/massive-dynamic/startup2/wp-content/uploads/sites/5/md_cache/19027e1.js]
[theme.pixflow.net/massive-dynamic/startup2/wp-content/themes/massive-dynamic/assets/js/smooth_scroll.min.js]
[theme.pixflow.net/massive-dynamic/startup2/wp-includes/js/wp-embed.min7661.js]
[theme.pixflow.net/massive-dynamic/startup2/wp-content/plugins/js_composer/assets/js/dist/js_composer_front.min10df.js]
[theme.pixflow.net/massive-dynamic/startup2/wp-content/plugins/mailchimp-for-wp/assets/js/forms.minef15.js]
[theme.pixflow.net/massive-dynamic/startup2/index.html]
[theme.pixflow.net/massive-dynamic/startup2/xmlrpc.php]
[theme.pixflow.net/massive-dynamic/startup2/wp-includes/css/dist/block-library/style.min7661.css]
[theme.pixflow.net/massive-dynamic/startup2/wp-content/plugins/woocommerce/packages/woocommerce-blocks/build/style60a8.css]
[theme.pixflow.net/massive-dynamic/startup2/wp-content/plugins/contact-form-7/images/ajax-loader.gif]
[theme.pixflow.net/massive-dynamic/startup2/wp-content/plugins/contact-form-7/includes/css/styles7752.css]
[theme.pixflow.net/massive-dynamic/startup2/wp-content/plugins/go_pricing/assets/images/icons/icon_team_light_skype.png]
[theme.pixflow.net/massive-dynamic/startup2/wp-content/plugins/go_pricing/assets/images/icons/icon_team_light_facebook.png]
[theme.pixflow.net/massive-dynamic/startup2/wp-content/plugins/go_pricing/assets/images/icons/icon_team_light_twitter.png]
[theme.pixflow.net/massive-dynamic/startup2/wp-content/plugins/go_pricing/assets/images/icons/icon_team_light_email.png]
[theme.pixflow.net/massive-dynamic/startup2/wp-content/plugins/go_pricing/assets/images/icons/icon_team_dark_skype.png]
[theme.pixflow.net/massive-dynamic/startup2/wp-content/plugins/go_pricing/assets/images/icons/icon_team_dark_facebook.png]
[theme.pixflow.net/massive-dynamic/startup2/wp-content/plugins/go_pricing/assets/images/icons/icon_team_dark_twitter.png]
[theme.pixflow.net/massive-dynamic/startup2/wp-content/plugins/go_pricing/assets/images/icons/icon_team_dark_email.png]
[theme.pixflow.net/massive-dynamic/startup2/wp-content/plugins/go_pricing/assets/images/icons/icon_light_arrow.png]
[theme.pixflow.net/massive-dynamic/startup2/wp-content/plugins/go_pricing/assets/images/icons/icon_light_arrow2.png]
[theme.pixflow.net/massive-dynamic/startup2/wp-content/plugins/go_pricing/assets/images/icons/icon_light_circle.png]
[theme.pixflow.net/massive-dynamic/startup2/wp-content/plugins/go_pricing/assets/images/icons/icon_light_cross.png]
[theme.pixflow.net/massive-dynamic/startup2/wp-content/plugins/go_pricing/assets/images/icons/icon_light_dot.png]
[theme.pixflow.net/massive-dynamic/startup2/wp-content/plugins/go_pricing/assets/images/icons/icon_light_minus.png]
[theme.pixflow.net/massive-dynamic/startup2/wp-content/plugins/go_pricing/assets/images/icons/icon_light_ok.png]
[theme.pixflow.net/massive-dynamic/startup2/wp-content/plugins/go_pricing/assets/images/icons/icon_light_plus.png]
[theme.pixflow.net/massive-dynamic/startup2/wp-content/plugins/go_pricing/assets/images/icons/icon_light_star.png]
[theme.pixflow.net/massive-dynamic/startup2/wp-content/plugins/go_pricing/assets/images/icons/icon_dark_arrow.png]
[theme.pixflow.net/massive-dynamic/startup2/wp-content/plugins/go_pricing/assets/images/icons/icon_dark_arrow2.png]
[theme.pixflow.net/massive-dynamic/startup2/wp-content/plugins/go_pricing/assets/images/icons/icon_dark_circle.png]
[theme.pixflow.net/massive-dynamic/startup2/wp-content/plugins/go_pricing/assets/images/icons/icon_dark_cross.png]
[theme.pixflow.net/massive-dynamic/startup2/wp-content/plugins/go_pricing/assets/images/icons/icon_dark_dot.png]
[theme.pixflow.net/massive-dynamic/startup2/wp-content/plugins/go_pricing/assets/images/icons/icon_dark_minus.png]
[theme.pixflow.net/massive-dynamic/startup2/wp-content/plugins/go_pricing/assets/images/icons/icon_dark_ok.png]
[theme.pixflow.net/massive-dynamic/startup2/wp-content/plugins/go_pricing/assets/images/icons/icon_dark_plus.png]
[theme.pixflow.net/massive-dynamic/startup2/wp-content/plugins/go_pricing/assets/images/icons/icon_dark_star.png]
[theme.pixflow.net/massive-dynamic/startup2/wp-content/plugins/go_pricing/assets/images/icons/icon_red_arrow.png]
[theme.pixflow.net/massive-dynamic/startup2/wp-content/plugins/go_pricing/assets/images/icons/icon_red_arrow2.png]
[theme.pixflow.net/massive-dynamic/startup2/wp-content/plugins/go_pricing/assets/images/icons/icon_red_circle.png]
[theme.pixflow.net/massive-dynamic/startup2/wp-content/plugins/go_pricing/assets/images/icons/icon_red_cross.png]
[theme.pixflow.net/massive-dynamic/startup2/wp-content/plugins/go_pricing/assets/images/icons/icon_red_dot.png]
[theme.pixflow.net/massive-dynamic/startup2/wp-content/plugins/go_pricing/assets/images/icons/icon_red_minus.png]
[theme.pixflow.net/massive-dynamic/startup2/wp-content/plugins/go_pricing/assets/images/icons/icon_red_ok.png]
[theme.pixflow.net/massive-dynamic/startup2/wp-content/plugins/go_pricing/assets/images/icons/icon_red_plus.png]
[theme.pixflow.net/massive-dynamic/startup2/wp-content/plugins/go_pricing/assets/images/icons/icon_red_star.png]
[theme.pixflow.net/massive-dynamic/startup2/wp-content/plugins/go_pricing/assets/images/icons/icon_green_arrow.png]
[theme.pixflow.net/massive-dynamic/startup2/wp-content/plugins/go_pricing/assets/images/icons/icon_green_arrow2.png]
[theme.pixflow.net/massive-dynamic/startup2/wp-content/plugins/go_pricing/assets/images/icons/icon_green_circle.png]
[theme.pixflow.net/massive-dynamic/startup2/wp-content/plugins/go_pricing/assets/images/icons/icon_green_cross.png]
[theme.pixflow.net/massive-dynamic/startup2/wp-content/plugins/go_pricing/assets/images/icons/icon_green_dot.png]
[theme.pixflow.net/massive-dynamic/startup2/wp-content/plugins/go_pricing/assets/images/icons/icon_green_minus.png]
[theme.pixflow.net/massive-dynamic/startup2/wp-content/plugins/go_pricing/assets/images/icons/icon_green_ok.png]
[theme.pixflow.net/massive-dynamic/startup2/wp-content/plugins/go_pricing/assets/images/icons/icon_green_plus.png]
[theme.pixflow.net/massive-dynamic/startup2/wp-content/plugins/go_pricing/assets/images/icons/icon_green_star.png]
[theme.pixflow.net/massive-dynamic/startup2/wp-content/plugins/go_pricing/assets/images/icons/icon_white_basket_medium.png]
[theme.pixflow.net/massive-dynamic/startup2/wp-content/plugins/go_pricing/assets/images/icons/icon_white_download_medium.png]
[theme.pixflow.net/massive-dynamic/startup2/wp-content/plugins/go_pricing/assets/images/icons/icon_white_basket_large.png]
[theme.pixflow.net/massive-dynamic/startup2/wp-content/plugins/go_pricing/assets/images/shadows/shadow_1.png]
[theme.pixflow.net/massive-dynamic/startup2/wp-content/plugins/go_pricing/assets/images/shadows/shadow_2.png]
[theme.pixflow.net/massive-dynamic/startup2/wp-content/plugins/go_pricing/assets/images/shadows/shadow_3.png]
[theme.pixflow.net/massive-dynamic/startup2/wp-content/plugins/go_pricing/assets/images/shadows/shadow_4.png]
[theme.pixflow.net/massive-dynamic/startup2/wp-content/plugins/go_pricing/assets/images/shadows/shadow_5.png]
[theme.pixflow.net/massive-dynamic/startup2/wp-content/plugins/go_pricing/assets/images/hover.png]
[theme.pixflow.net/massive-dynamic/startup2/wp-content/plugins/go_pricing/assets/css/go_pricing_styles6dc0.css]
[theme.pixflow.net/massive-dynamic/startup2/wp-content/plugins/revslider/public/assets/fonts/revicons/revicons90c6.eot]
[theme.pixflow.net/massive-dynamic/startup2/wp-content/plugins/revslider/public/assets/fonts/revicons/revicons90c6.woff]
[theme.pixflow.net/massive-dynamic/startup2/wp-content/plugins/revslider/public/assets/fonts/revicons/revicons90c6.svg]
[theme.pixflow.net/massive-dynamic/startup2/wp-content/plugins/revslider/public/assets/fonts/revicons/revicons90c6.ttf]
[theme.pixflow.net/massive-dynamic/startup2/wp-content/plugins/revslider/public/assets/assets/gridtile.png]
[theme.pixflow.net/massive-dynamic/startup2/wp-content/plugins/revslider/public/assets/assets/gridtile_white.png]
[theme.pixflow.net/massive-dynamic/startup2/wp-content/plugins/revslider/public/assets/assets/gridtile_3x3.png]
[theme.pixflow.net/massive-dynamic/startup2/wp-content/plugins/revslider/public/assets/assets/gridtile_3x3_white.png]
[theme.pixflow.net/massive-dynamic/startup2/wp-content/plugins/revslider/public/assets/assets/coloredbg.png]
[theme.pixflow.net/massive-dynamic/startup2/wp-content/plugins/revslider/public/assets/assets/loader.gif]
[theme.pixflow.net/massive-dynamic/startup2/wp-content/plugins/revslider/public/assets/css/settings9d07.css]
[theme.pixflow.net/massive-dynamic/startup2/wp-content/plugins/woocommerce/assets/css/woocommerce-layout3a05.css]
[theme.pixflow.net/massive-dynamic/startup2/wp-content/plugins/woocommerce/assets/css/woocommerce-smallscreen3a05.css]
[theme.pixflow.net/massive-dynamic/startup2/wp-content/plugins/woocommerce/assets/fonts/star.eot]
[theme.pixflow.net/massive-dynamic/startup2/wp-content/plugins/woocommerce/assets/fonts/stard41d.eot]
[theme.pixflow.net/massive-dynamic/startup2/wp-content/plugins/woocommerce/assets/fonts/star.woff]
[theme.pixflow.net/massive-dynamic/startup2/wp-content/plugins/woocommerce/assets/fonts/star.ttf]
[theme.pixflow.net/massive-dynamic/startup2/wp-content/plugins/woocommerce/assets/fonts/star.svg]
[theme.pixflow.net/massive-dynamic/startup2/wp-content/plugins/woocommerce/assets/fonts/WooCommerce.eot]
[theme.pixflow.net/massive-dynamic/startup2/wp-content/plugins/woocommerce/assets/fonts/WooCommerce.woff]
[theme.pixflow.net/massive-dynamic/startup2/wp-content/plugins/woocommerce/assets/fonts/WooCommerce.ttf]
[theme.pixflow.net/massive-dynamic/startup2/wp-content/plugins/woocommerce/assets/fonts/WooCommerce.svg]
[theme.pixflow.net/massive-dynamic/startup2/wp-content/plugins/woocommerce/assets/fonts/WooCommerced41d.eot]
[theme.pixflow.net/massive-dynamic/startup2/wp-content/plugins/woocommerce/assets/images/icons/loader.svg]
[theme.pixflow.net/massive-dynamic/startup2/wp-content/plugins/woocommerce/assets/images/icons/credit-cards/visa.svg]
[theme.pixflow.net/massive-dynamic/startup2/wp-content/plugins/woocommerce/assets/images/icons/credit-cards/mastercard.svg]
[theme.pixflow.net/massive-dynamic/startup2/wp-content/plugins/woocommerce/assets/images/icons/credit-cards/laser.svg]
[theme.pixflow.net/massive-dynamic/startup2/wp-content/plugins/woocommerce/assets/images/icons/credit-cards/diners.svg]
[theme.pixflow.net/massive-dynamic/startup2/wp-content/plugins/woocommerce/assets/images/icons/credit-cards/maestro.svg]
[theme.pixflow.net/massive-dynamic/startup2/wp-content/plugins/woocommerce/assets/images/icons/credit-cards/jcb.svg]
[theme.pixflow.net/massive-dynamic/startup2/wp-content/plugins/woocommerce/assets/images/icons/credit-cards/amex.svg]
[theme.pixflow.net/massive-dynamic/startup2/wp-content/plugins/woocommerce/assets/images/icons/credit-cards/discover.svg]
[theme.pixflow.net/massive-dynamic/startup2/wp-content/plugins/woocommerce/assets/css/woocommerce3a05.css]
[theme.pixflow.net/massive-dynamic/startup2/wp-content/themes/massive-dynamic/assets/img/sticky.png]
[theme.pixflow.net/massive-dynamic/startup2/wp-content/themes/massive-dynamic/assets/img/quote.png]
[theme.pixflow.net/massive-dynamic/startup2/wp-content/themes/massive-dynamic/assets/img/mobile-search-dark.png]
[theme.pixflow.net/massive-dynamic/startup2/wp-content/themes/massive-dynamic/assets/img/back-to-top-dark.png]
[theme.pixflow.net/massive-dynamic/startup2/wp-content/themes/massive-dynamic/assets/img/back-to-top-light.png]
[theme.pixflow.net/massive-dynamic/startup2/wp-content/themes/massive-dynamic/assets/img/search-light.png]
[theme.pixflow.net/massive-dynamic/startup2/wp-content/themes/massive-dynamic/assets/img/search-dark.png]
[theme.pixflow.net/massive-dynamic/startup2/wp-content/themes/massive-dynamic/assets/img/owl.video.play.png]
[theme.pixflow.net/massive-dynamic/startup2/wp-content/themes/massive-dynamic/assets/img/share-button.png]
[theme.pixflow.net/massive-dynamic/startup2/wp-content/themes/massive-dynamic/assets/img/share-hover.png]
[theme.pixflow.net/massive-dynamic/startup2/wp-content/themes/massive-dynamic/assets/img/right-arrow-light.png]
[theme.pixflow.net/massive-dynamic/startup2/wp-content/themes/massive-dynamic/assets/img/right-arrow-dark.png]
[theme.pixflow.net/massive-dynamic/startup2/wp-content/themes/massive-dynamic/assets/img/pervious-button.png]
[theme.pixflow.net/massive-dynamic/startup2/wp-content/themes/massive-dynamic/assets/img/next-button.png]
[theme.pixflow.net/massive-dynamic/startup2/wp-content/themes/massive-dynamic/assets/img/dialog-plug.png]
[theme.pixflow.net/massive-dynamic/startup2/wp-content/themes/massive-dynamic/assets/img/see-details.png]
[theme.pixflow.net/massive-dynamic/startup2/wp-content/themes/massive-dynamic/assets/img/see-details-hover.png]
[theme.pixflow.net/massive-dynamic/startup2/wp-content/themes/massive-dynamic/assets/img/loop-comment.png]
[theme.pixflow.net/massive-dynamic/startup2/wp-content/themes/massive-dynamic/assets/img/number.png]
[theme.pixflow.net/massive-dynamic/startup2/wp-content/themes/massive-dynamic/assets/img/notification-sprite.png]
[theme.pixflow.net/massive-dynamic/startup2/wp-content/themes/massive-dynamic/assets/img/place-holder.jpg]
[theme.pixflow.net/massive-dynamic/startup2/wp-content/themes/massive-dynamic/assets/img/empty-cart.png]
[theme.pixflow.net/massive-dynamic/startup2/wp-content/themes/massive-dynamic/assets/img/loading.svg]
[theme.pixflow.net/massive-dynamic/startup2/wp-content/themes/massive-dynamic/assets/img/not-found.png]
[theme.pixflow.net/massive-dynamic/startup2/wp-content/themes/massive-dynamic/assets/img/magnifier.png]
[theme.pixflow.net/massive-dynamic/startup2/wp-content/themes/massive-dynamic/assets/img/miss.jpg]
[theme.pixflow.net/massive-dynamic/startup2/wp-content/themes/massive-dynamic/style5055.css]
[theme.pixflow.net/massive-dynamic/startup2/wp-content/uploads/sites/5/md_cache/19027e1.css]
[theme.pixflow.net/massive-dynamic/startup2/wp-content/themes/massive-dynamic/assets/css/plugin.min.css]
[theme.pixflow.net/massive-dynamic/startup2/wp-content/themes/massive-dynamic/assets/img/arrow.png]
[theme.pixflow.net/massive-dynamic/startup2/wp-content/themes/massive-dynamic/lib/woocommerce/assets/img/cart-bg.png]
[theme.pixflow.net/massive-dynamic/startup2/wp-content/themes/massive-dynamic/assets/img/account-bg.jpg]
[theme.pixflow.net/massive-dynamic/startup2/wp-content/themes/massive-dynamic/assets/img/woo-profile-icon.png]
[theme.pixflow.net/massive-dynamic/startup2/wp-content/themes/massive-dynamic/assets/css/woo-commerce.min5055.css]
[theme.pixflow.net/massive-dynamic/startup2/wp-content/themes/massive-dynamic/assets/css/iconfonts.min.css]
[theme.pixflow.net/massive-dynamic/startup2/wp-content/themes/massive-dynamic/assets/css/flexslider.min.css]
[theme.pixflow.net/massive-dynamic/startup2/wp-content/themes/massive-dynamic/assets/css/responsive.min5055.css]
[theme.pixflow.net/massive-dynamic/startup2/wp-content/plugins/js_composer/assets/vc/alert.png]
[theme.pixflow.net/massive-dynamic/startup2/wp-content/plugins/js_composer/assets/vc/info.png]
[theme.pixflow.net/massive-dynamic/startup2/wp-content/plugins/js_composer/assets/vc/tick.png]
[theme.pixflow.net/massive-dynamic/startup2/wp-content/plugins/js_composer/assets/vc/exclamation.png]
[theme.pixflow.net/massive-dynamic/startup2/wp-content/plugins/js_composer/assets/images/icons/address-book.png]
[theme.pixflow.net/massive-dynamic/startup2/wp-content/plugins/js_composer/assets/images/icons/alarm-clock.png]
[theme.pixflow.net/massive-dynamic/startup2/wp-content/plugins/js_composer/assets/images/icons/anchor.png]
[theme.pixflow.net/massive-dynamic/startup2/wp-content/plugins/js_composer/assets/images/icons/application-image.png]
[theme.pixflow.net/massive-dynamic/startup2/wp-content/plugins/js_composer/assets/images/icons/arrow.png]
[theme.pixflow.net/massive-dynamic/startup2/wp-content/plugins/js_composer/assets/images/icons/asterisk.png]
[theme.pixflow.net/massive-dynamic/startup2/wp-content/plugins/js_composer/assets/images/icons/auction-hammer.png]
[theme.pixflow.net/massive-dynamic/startup2/wp-content/plugins/js_composer/assets/images/icons/balloon.png]
[theme.pixflow.net/massive-dynamic/startup2/wp-content/plugins/js_composer/assets/images/icons/balloon-buzz.png]
[theme.pixflow.net/massive-dynamic/startup2/wp-content/plugins/js_composer/assets/images/icons/balloon-facebook.png]
[theme.pixflow.net/massive-dynamic/startup2/wp-content/plugins/js_composer/assets/images/icons/balloon-twitter.png]
[theme.pixflow.net/massive-dynamic/startup2/wp-content/plugins/js_composer/assets/images/icons/battery-full.png]
[theme.pixflow.net/massive-dynamic/startup2/wp-content/plugins/js_composer/assets/images/icons/binocular.png]
[theme.pixflow.net/massive-dynamic/startup2/wp-content/plugins/js_composer/assets/images/icons/blue-document-excel.png]
[theme.pixflow.net/massive-dynamic/startup2/wp-content/plugins/js_composer/assets/images/icons/blue-document-image.png]
[theme.pixflow.net/massive-dynamic/startup2/wp-content/plugins/js_composer/assets/images/icons/blue-document-music.png]
[theme.pixflow.net/massive-dynamic/startup2/wp-content/plugins/js_composer/assets/images/icons/blue-document-office.png]
[theme.pixflow.net/massive-dynamic/startup2/wp-content/plugins/js_composer/assets/images/icons/blue-document-pdf.png]
[theme.pixflow.net/massive-dynamic/startup2/wp-content/plugins/js_composer/assets/images/icons/blue-document-powerpoint.png]
[theme.pixflow.net/massive-dynamic/startup2/wp-content/plugins/js_composer/assets/images/icons/blue-document-word.png]
[theme.pixflow.net/massive-dynamic/startup2/wp-content/plugins/js_composer/assets/images/icons/bookmark.png]
[theme.pixflow.net/massive-dynamic/startup2/wp-content/plugins/js_composer/assets/images/icons/camcorder.png]
[theme.pixflow.net/massive-dynamic/startup2/wp-content/plugins/js_composer/assets/images/icons/camera.png]
[theme.pixflow.net/massive-dynamic/startup2/wp-content/plugins/js_composer/assets/images/icons/chart.png]
[theme.pixflow.net/massive-dynamic/startup2/wp-content/plugins/js_composer/assets/images/icons/chart-pie.png]
[theme.pixflow.net/massive-dynamic/startup2/wp-content/plugins/js_composer/assets/images/icons/clock.png]
[theme.pixflow.net/massive-dynamic/startup2/wp-content/plugins/js_composer/assets/images/icons/control.png]
[theme.pixflow.net/massive-dynamic/startup2/wp-content/plugins/js_composer/assets/images/icons/fire.png]
[theme.pixflow.net/massive-dynamic/startup2/wp-content/plugins/js_composer/assets/images/icons/heart.png]
[theme.pixflow.net/massive-dynamic/startup2/wp-content/plugins/js_composer/assets/images/icons/mail.png]
[theme.pixflow.net/massive-dynamic/startup2/wp-content/plugins/js_composer/assets/images/icons/plus-shield.png]
[theme.pixflow.net/massive-dynamic/startup2/wp-content/plugins/js_composer/assets/images/icons/video.png]
[theme.pixflow.net/massive-dynamic/startup2/wp-content/plugins/js_composer/assets/fonts/vc_icons_v2/fonts/vcpb-plugin-iconsb82a.eot]
[theme.pixflow.net/massive-dynamic/startup2/wp-content/plugins/js_composer/assets/fonts/vc_icons_v2/fonts/vcpb-plugin-iconsb82a.ttf]
[theme.pixflow.net/massive-dynamic/startup2/wp-content/plugins/js_composer/assets/fonts/vc_icons_v2/fonts/vcpb-plugin-iconsb82a.svg]
[theme.pixflow.net/massive-dynamic/startup2/wp-content/plugins/js_composer/assets/fonts/vc_icons_v2/fonts/vcpb-plugin-iconsb82a.woff]
[theme.pixflow.net/massive-dynamic/startup2/wp-content/plugins/js_composer/assets/images/toggle_open.png]
[theme.pixflow.net/massive-dynamic/startup2/wp-content/plugins/js_composer/assets/images/toggle_close.png]
[theme.pixflow.net/massive-dynamic/startup2/wp-content/plugins/js_composer/assets/images/flickr.png]
[theme.pixflow.net/massive-dynamic/startup2/wp-content/plugins/js_composer/assets/vc/blur.svg]
[theme.pixflow.net/massive-dynamic/startup2/wp-content/plugins/js_composer/assets/fonts/vc_grid/vc_grid_v157a1.eot]
[theme.pixflow.net/massive-dynamic/startup2/wp-content/plugins/js_composer/assets/fonts/vc_grid/vc_grid_v1d41d.eot]
[theme.pixflow.net/massive-dynamic/startup2/wp-content/plugins/js_composer/assets/fonts/vc_grid/vc_grid_v157a1.woff]
[theme.pixflow.net/massive-dynamic/startup2/wp-content/plugins/js_composer/assets/fonts/vc_grid/vc_grid_v157a1.svg]
[theme.pixflow.net/massive-dynamic/startup2/wp-content/plugins/js_composer/assets/fonts/vc_grid/vc_grid_v157a1.ttf]
[theme.pixflow.net/massive-dynamic/startup2/wp-content/plugins/js_composer/assets/images/spinner.gif]
[theme.pixflow.net/massive-dynamic/startup2/wp-content/plugins/js_composer/assets/vc/remove.png]
[theme.pixflow.net/massive-dynamic/startup2/wp-content/plugins/js_composer/assets/css/js_composer.min10df.css]
[theme.pixflow.net/massive-dynamic/startup2/wp-content/plugins/add-to-any/addtoany.min9be6.css]
[theme.pixflow.net/massive-dynamic/startup2/wp-content/themes/massive-dynamic/assets/css/bootstrap.min.css]
[theme.pixflow.net/massive-dynamic/startup2/wp-includes/js/jquery/jquery4a5f.js]
[theme.pixflow.net/massive-dynamic/startup2/wp-includes/js/jquery/jquery-migrate.min330a.js]
[theme.pixflow.net/massive-dynamic/startup2/wp-content/plugins/add-to-any/addtoany.min4963.js]
[theme.pixflow.net/massive-dynamic/startup2/wp-content/plugins/revslider/public/assets/js/jquery.themepunch.tools.min9d07.js]
[theme.pixflow.net/massive-dynamic/startup2/wp-content/themes/massive-dynamic/assets/css/fonts/pixflow-font-library.woff]
[theme.pixflow.net/massive-dynamic/startup2/wp-content/plugins/revslider/public/assets/js/jquery.themepunch.revolution.min9d07.js]
[theme.pixflow.net/massive-dynamic/startup2/wp-content/plugins/woocommerce/assets/js/jquery-blockui/jquery.blockUI.min44fd.js]
[theme.pixflow.net/massive-dynamic/startup2/wp-content/plugins/woocommerce/assets/js/frontend/add-to-cart.min3a05.js]
[theme.pixflow.net/massive-dynamic/startup2/wp-content/plugins/js_composer/assets/js/vendors/woocommerce-add-to-cart10df.js]
[theme.pixflow.net/massive-dynamic/startup2/wp-content/themes/massive-dynamic/assets/js/jquery.flexslider-min.js]
[theme.pixflow.net/massive-dynamic/startup2/wp-content/themes/massive-dynamic/lib/assets/script/unique-setting.min5152.js]
[theme.pixflow.net/massive-dynamic/startup2/wp-content/themes/massive-dynamic/lib/assets/script/post-like.min.js]
[theme.pixflow.net/massive-dynamic/startup2/wp-content/plugins/contact-form-7/includes/js/scripts7752.js]
[theme.pixflow.net/massive-dynamic/startup2/wp-content/plugins/go_pricing/assets/js/go_pricing_scripts6dc0.js]
[theme.pixflow.net/massive-dynamic/startup2/wp-content/plugins/woocommerce/assets/js/js-cookie/js.cookie.min6b25.js]
[theme.pixflow.net/massive-dynamic/startup2/wp-content/plugins/woocommerce/assets/js/frontend/woocommerce.min3a05.js]
[theme.pixflow.net/massive-dynamic/startup2/wp-content/plugins/woocommerce/assets/js/frontend/cart-fragments.min3a05.js]
[theme.pixflow.net/massive-dynamic/startup2/wp-content/themes/massive-dynamic/assets/js/plugins.min.js]
[theme.pixflow.net/massive-dynamic/startup2/wp-content/themes/massive-dynamic/lib/assets/script/jquery.nicescroll.min.js]
[theme.pixflow.net/massive-dynamic/startup2/wp-content/themes/massive-dynamic/assets/js/custom.min5055.js]
[theme.pixflow.net/massive-dynamic/startup2/wp-content/uploads/sites/5/md_cache/19027e1.js]
[theme.pixflow.net/massive-dynamic/startup2/wp-content/themes/massive-dynamic/assets/js/smooth_scroll.min.js]
[theme.pixflow.net/massive-dynamic/startup2/wp-includes/js/wp-embed.min7661.js]
[apis.google.com/js/plusone.js]
[assets.pinterest.com/js/pinit.js]
[theme.pixflow.net/massive-dynamic/startup2/wp-content/plugins/js_composer/assets/js/dist/js_composer_front.min10df.js]
[theme.pixflow.net/massive-dynamic/startup2/wp-content/plugins/mailchimp-for-wp/assets/js/forms.minef15.js]
[theme.pixflow.net/massive-dynamic/startup2/wp-content/plugins/revslider/public/assets/fonts/revicons/revicons90c6.svg]
[theme.pixflow.net/massive-dynamic/startup2/wp-content/plugins/revslider/public/assets/css/openhand.html]
[theme.pixflow.net/massive-dynamic/startup2/wp-content/plugins/revslider/public/assets/css/closedhand.html]
[theme.pixflow.net/massive-dynamic/startup2/wp-content/plugins/woocommerce/assets/fonts/star.svg]
[theme.pixflow.net/massive-dynamic/startup2/wp-content/plugins/woocommerce/assets/fonts/WooCommerce.svg]
[theme.pixflow.net/massive-dynamic/startup2/wp-content/plugins/woocommerce/assets/images/icons/loader.svg]
[theme.pixflow.net/massive-dynamic/startup2/wp-content/plugins/woocommerce/assets/images/icons/credit-cards/visa.svg]
[theme.pixflow.net/massive-dynamic/startup2/wp-content/plugins/woocommerce/assets/images/icons/credit-cards/mastercard.svg]
[theme.pixflow.net/massive-dynamic/startup2/wp-content/plugins/woocommerce/assets/images/icons/credit-cards/laser.svg]
[theme.pixflow.net/massive-dynamic/startup2/wp-content/plugins/woocommerce/assets/images/icons/credit-cards/diners.svg]
[theme.pixflow.net/massive-dynamic/startup2/wp-content/plugins/woocommerce/assets/images/icons/credit-cards/maestro.svg]
[theme.pixflow.net/massive-dynamic/startup2/wp-content/plugins/woocommerce/assets/images/icons/credit-cards/jcb.svg]
[theme.pixflow.net/massive-dynamic/startup2/wp-content/plugins/woocommerce/assets/images/icons/credit-cards/amex.svg]
[theme.pixflow.net/massive-dynamic/startup2/wp-content/plugins/woocommerce/assets/images/icons/credit-cards/discover.svg]
[theme.pixflow.net/massive-dynamic/startup2/wp-content/themes/massive-dynamic/assets/img/loading.svg]
[theme.pixflow.net/massive-dynamic/startup2/wp-content/themes/massive-dynamic/assets/css/fonts/flexslider-icon.html]
[theme.pixflow.net/massive-dynamic/startup2/wp-content/themes/massive-dynamic/assets/css/fonts/flexslider-icond41d.html]
[theme.pixflow.net/massive-dynamic/startup2/wp-content/themes/massive-dynamic/assets/css/fonts/flexslider-icon-2.html]
[theme.pixflow.net/massive-dynamic/startup2/wp-content/themes/massive-dynamic/assets/css/fonts/flexslider-icon-3.html]
[theme.pixflow.net/massive-dynamic/startup2/wp-content/themes/massive-dynamic/assets/css/fonts/flexslider-icon-4.html]
[theme.pixflow.net/massive-dynamic/startup2/wp-content/plugins/js_composer/assets/fonts/vc_icons_v2/fonts/vcpb-plugin-iconsb82a.svg]
[theme.pixflow.net/massive-dynamic/startup2/wp-content/plugins/js_composer/assets/vc/blur.svg]
[theme.pixflow.net/massive-dynamic/startup2/wp-content/plugins/js_composer/assets/fonts/vc_grid/vc_grid_v157a1.svg]
[theme.pixflow.net/massive-dynamic/startup2/TweenLite.html]
[theme.pixflow.net/massive-dynamic/TweenLite.html]
[theme.pixflow.net/massive-dynamic/startup2/Version/index.html]
[theme.pixflow.net/massive-dynamic/startup2/themepunch.revolution.min.html]
[theme.pixflow.net/massive-dynamic/startup2/jquery.themepunch.revolution.min.html]
[theme.pixflow.net/massive-dynamic/startup2/jquery.themepunch.revolution.html]
[theme.pixflow.net/massive-dynamic/startup2/images/transparent.html]
[theme.pixflow.net/massive-dynamic/startup2/assets/transparent.html]
[theme.pixflow.net/massive-dynamic/startup2/customize.html]
[theme.pixflow.net/massive-dynamic/startup2/HEAD.html]
[theme.pixflow.net/massive-dynamic/startup2/forms/forms.html]
[theme.pixflow.net/massive-dynamic/startup2/forms/conditional-elements.html]
[theme.pixflow.net/massive-dynamic/startup2/populate.html]
[theme.pixflow.net/massive-dynamic/startup2/form.html]
[theme.pixflow.net/massive-dynamic/startup2/wp-content/uploads/sites/5/md_cache/fonts/flexslider-icon.html]
[theme.pixflow.net/massive-dynamic/startup2/wp-content/uploads/sites/5/md_cache/fonts/flexslider-icond41d.html]
[theme.pixflow.net/massive-dynamic/startup2/wp-content/uploads/sites/5/md_cache/fonts/flexslider-icon-2.html]
[theme.pixflow.net/massive-dynamic/startup2/wp-content/uploads/sites/5/md_cache/fonts/flexslider-icon-3.html]
[theme.pixflow.net/massive-dynamic/startup2/wp-content/uploads/sites/5/md_cache/fonts/flexslider-icon-4.html]
